E:\Programming Practice\MPL\RestaurantManagementSystem\src\main\java\restaurant\DeleteFood.java
E:\Programming Practice\MPL\RestaurantManagementSystem\src\main\java\restaurant\Frame1.java
E:\Programming Practice\MPL\RestaurantManagementSystem\src\main\java\restaurant\DBConnection.java
E:\Programming Practice\MPL\RestaurantManagementSystem\src\main\java\restaurant\ItemInfo.java
E:\Programming Practice\MPL\RestaurantManagementSystem\src\main\java\restaurant\Frame2new.java
E:\Programming Practice\MPL\RestaurantManagementSystem\src\main\java\restaurant\UpdateFood.java
E:\Programming Practice\MPL\RestaurantManagementSystem\src\main\java\com\mycompany\restaurantmanagementsystem\RestaurantManagementSystem.java
E:\Programming Practice\MPL\RestaurantManagementSystem\src\main\java\restaurant\EnterFood.java
E:\Programming Practice\MPL\RestaurantManagementSystem\src\main\java\restaurant\CanteenManagement.java
E:\Programming Practice\MPL\RestaurantManagementSystem\src\main\java\restaurant\GenerateBill.java
